Application bundle generation failed. [1.971 seconds]

node.exe : 
[1m[31m[31mX [41;31
m[[41;97mERROR[41;31m
][0m [1mNG2: Type 
'({ label: string; 
items: ({ label: 
string; link: string; 
params?: undefined; } 
| { label: string; 
link: string; params: 
{ category: string; }; 
})[]; } | { label: 
string; items: { 
label: string; link: 
string; params: { ...; 
}; }[]; })[] | { ...; 
}[] | ({ ...; } | { 
...; })[]' is not 
assignable to type 
'(({ label: string; 
items: ({ label: 
string; link: string; 
params?: undefined; } 
| { label: string; 
link: string; params: 
{ category: string; }; 
})[]; } | { label: 
string; items: { 
label: string; link: 
string; params: { ...; 
}; }[]; })[] & 
NgIterable<...>) | 
null | undefined'.
At C:\Program Files\nod
ejs\npx.ps1:29 char:3
+   & $NODE_EXE 
$NPX_CLI_JS $args
+   ~~~~~~~~~~~~~~~~~~~
~~~~~~~~~~
    + CategoryInfo     
         : NotSpecifi  
  ed: ([1m[31m[31   
 mX...l | undefined    
'.:String) [], Rem    
oteException
    + FullyQualifiedEr 
   rorId : NativeComm  
  andError
 
  Type '{ label: 
string; items: ({ 
label: string; link: 
string; params?: 
undefined; } | { 
label: string; link: 
string; params: { 
status: string; }; 
})[]; }[]' is not 
assignable to type 
'(({ label: string; 
items: ({ label: 
string; link: string; 
params?: undefined; } 
| { label: string; 
link: string; params: 
{ category: string; }; 
})[]; } | { label: 
string; items: { 
label: string; link: 
string; params: { ...; 
}; }[]; })[] & 
NgIterable<...>) | 
null | undefined'.
    Type '{ label: 
string; items: ({ 
label: string; link: 
string; params?: 
undefined; } | { 
label: string; link: 
string; params: { 
status: string; }; 
})[]; }[]' is not 
assignable to type '({ 
label: string; items: 
({ label: string; 
link: string; params?: 
undefined; } | { 
label: string; link: 
string; params: { 
category: string; }; 
})[]; } | { label: 
string; items: { 
label: string; link: 
string; params: { ...; 
}; }[]; })[]'.
      Type '{ label: 
string; items: ({ 
label: string; link: 
string; params?: 
undefined; } | { 
label: string; link: 
string; params: { 
status: string; }; 
})[]; }' is not 
assignable to type '{ 
label: string; items: 
({ label: string; 
link: string; params?: 
undefined; } | { 
label: string; link: 
string; params: { 
category: string; }; 
})[]; } | { label: 
string; items: { 
label: string; link: 
string; params: { ...; 
}; }[]; }'.
        Type '{ label: 
string; items: ({ 
label: string; link: 
string; params?: 
undefined; } | { 
label: string; link: 
string; params: { 
status: string; }; 
})[]; }' is not 
assignable to type '{ 
label: string; items: 
{ label: string; link: 
string; params: { 
series: string; }; 
}[]; }'.
          Types of 
property 'items' are 
incompatible.
            Type '({ 
label: string; link: 
string; params?: 
undefined; } | { 
label: string; link: 
string; params: { 
status: string; }; 
})[]' is not 
assignable to type '{ 
label: string; link: 
string; params: { 
series: string; }; 
}[]'.
              Type '{ 
label: string; link: 
string; params?: 
undefined; } | { 
label: string; link: 
string; params: { 
status: string; }; }' 
is not assignable to 
type '{ label: string; 
link: string; params: 
{ series: string; }; 
}'.
                Type 
'{ label: string; 
link: string; params?: 
undefined; }' is not 
assignable to type '{ 
label: string; link: 
string; params: { 
series: string; }; }'.
                  
Types of property 
'params' are 
incompatible.
                    
Type 'undefined' is 
not assignable to type 
'{ series: string; 
}'.[0m 
[1m[35m[plugin 
angular-compiler][0m

    src/app/components/
side-menu/side-menu.com
ponent.ts:25:57:
[37m      25 Γöé ...v 
class="menu-subsection"
 *ngFor="let sub 
[32mof[37m 
section.subsections">
         Γò╡           
                       
            [32m~~[0m


[31mX [41;31m[[41;97
mERROR[41;31m][0m 
[1mNG2: Type '({ 
label: string; link: 
string; params?: 
undefined; } | { 
label: string; link: 
string; params: { 
category: string; }; 
})[] | { label: 
string; link: string; 
params: { series: 
string; }; }[]' is not 
assignable to type 
'(({ label: string; 
link: string; params?: 
undefined; } | { 
label: string; link: 
string; params: { 
category: string; }; 
})[] & NgIterable<{ 
label: string; link: 
string; params?: 
undefined; } | { 
label: string; link: 
string; params: { ...; 
}; }>) | null | 
undefined'.
  Type '{ label: 
string; link: string; 
params: { series: 
string; }; }[]' is not 
assignable to type 
'(({ label: string; 
link: string; params?: 
undefined; } | { 
label: string; link: 
string; params: { 
category: string; }; 
})[] & NgIterable<{ 
label: string; link: 
string; params?: 
undefined; } | { 
label: string; link: 
string; params: { ...; 
}; }>) | null | 
undefined'.
    Type '{ label: 
string; link: string; 
params: { series: 
string; }; }[]' is not 
assignable to type '({ 
label: string; link: 
string; params?: 
undefined; } | { 
label: string; link: 
string; params: { 
category: string; }; 
})[]'.
      Type '{ label: 
string; link: string; 
params: { series: 
string; }; }' is not 
assignable to type '{ 
label: string; link: 
string; params?: 
undefined; } | { 
label: string; link: 
string; params: { 
category: string; }; 
}'.
        Type '{ label: 
string; link: string; 
params: { series: 
string; }; }' is not 
assignable to type '{ 
label: string; link: 
string; params: { 
category: string; }; 
}'.
          Types of 
property 'params' are 
incompatible.
            Property 
'category' is missing 
in type '{ series: 
string; }' but 
required in type '{ 
category: string; 
}'.[0m 
[1m[35m[plugin 
angular-compiler][0m

    src/app/components/
side-menu/side-menu.com
ponent.ts:27:34:
[37m      27 Γöé      
         <a 
*ngFor="let item 
[32mof[37m 
sub.items" 
[routerLink]="item...
         Γò╡           
                       
 [32m~~[0m

[39m[22m
